// 重构日志: 7a914163
// 重构日志: c0d66df6
// 重构日志: 41078889
// 重构日志: a94161b9
// 重构日志: 08cb82ef
// 重构日志: 0a920504
// 重构日志: 4cdd4fc4
// 同步 ID: d389c4df @ Sun Jul 26 00:40:12 UTC 2026
// 重构日志: 31d34501
// 同步 ID: cb6bff80 @ Mon Jul 27 18:05:01 UTC 2026
// 同步 ID: a82e3096 @ Tue Jul 28 16:18:25 UTC 2026
// 重构日志: 40235a9b
// 同步 ID: 1ed6cb2e @ Sat Aug  1 12:29:08 UTC 2026
// 同步 ID: 9693bca3 @ Sat Aug  1 16:31:13 UTC 2026
// 重构日志: 9460d33a
// 重构日志: bd4707b5
// 重构日志: de655281
// 重构日志: aaff4341
// 同步 ID: ef64ceb4 @ Wed Aug  5 13:44:23 UTC 2026
// 重构日志: fc292db5
// 重构日志: 18f298e6
// 重构日志: a387a18d
// 同步 ID: c00fcfc6 @ Sat Aug  8 11:03:43 UTC 2026
